// Vitest Snapshot v1, https://vitest.dev/guide/snapshot.html

exports[`batchBroadcastRequested > creates a broadcast entity and updates the relevant egress entities 1`] = `
{
  "abortedAt": null,
  "abortedBlockIndex": null,
  "chain": "Ethereum",
  "createdAt": Any<Date>,
  "egresses": [
    {
      "amount": "123456789",
      "chain": "Ethereum",
      "nativeId": 10n,
    },
    {
      "amount": "987654321",
      "chain": "Ethereum",
      "nativeId": 11n,
    },
  ],
  "id": Any<BigInt>,
  "nativeId": 9n,
  "replacedById": null,
  "requestedAt": 2022-12-06T14:31:45.000Z,
  "requestedBlockIndex": "120-135",
  "succeededAt": null,
  "succeededBlockIndex": null,
  "transactionPayload": null,
  "transactionRef": null,
  "updatedAt": Any<Date>,
}
`;
