// Vitest Snapshot v1, https://vitest.dev/guide/snapshot.html

exports[`swapEgressIgnored > adds an IgnoredEgress record for a egress ignored event 1`] = `
{
  "ccmGasBudget": null,
  "ccmMessage": null,
  "completedAt": null,
  "completedBlockIndex": null,
  "dcaChunkIntervalBlocks": null,
  "dcaNumberOfChunks": null,
  "depositAmount": "100000000",
  "depositBoostedAt": null,
  "depositBoostedBlockIndex": null,
  "depositFinalisedAt": 2024-08-06T00:00:00.000Z,
  "depositFinalisedBlockIndex": "1-1",
  "depositTransactionRef": null,
  "destAddress": "1yMmfLti1k3huRQM2c47WugwonQMqTvQ2GUFxnU7Pcs7xPo",
  "destAsset": "Eth",
  "effectiveBoostFeeBps": null,
  "egressId": null,
  "fallbackEgressId": null,
  "fokMaxOraclePriceSlippageBps": null,
  "fokMinPriceX128": null,
  "fokRefundAddress": null,
  "fokRetryDurationBlocks": null,
  "id": Any<BigInt>,
  "ignoredEgresses": [
    {
      "amount": "11",
      "createdAt": Any<Date>,
      "id": Any<BigInt>,
      "ignoredAt": 2022-12-06T14:31:45.000Z,
      "ignoredBlockIndex": "120-0",
      "stateChainErrorId": Any<Number>,
      "swapRequestId": Any<BigInt>,
      "type": "SWAP",
    },
  ],
  "maxBoostFeeBps": 0,
  "nativeId": 2n,
  "oraclePriceDeltaBps": null,
  "originType": "VAULT",
  "prewitnessedDepositId": null,
  "refundEgressId": null,
  "requestType": "LEGACY_SWAP",
  "srcAddress": null,
  "srcAsset": "Btc",
  "swapDepositChannelId": null,
  "swapInputAmount": "100000000",
  "swapOutputAmount": null,
  "swapRequestedAt": 2024-08-06T00:00:00.000Z,
  "swapRequestedBlockIndex": "92-398",
  "totalBrokerCommissionBps": 0,
}
`;
