// Jest Snapshot v1, https://goo.gl/fbAQLP

exports[`processBlocks dispatches a SwapScheduled event 1`] = `
{
  "blockTrackedAt": 2024-08-26T00:00:00.000Z,
  "chain": "Bitcoin",
  "eventWitnessedBlock": 150,
  "height": 1000n,
  "id": Any<Number>,
  "previousHeight": 0n,
  "updatedAt": Any<Date>,
}
`;
