// Vitest Snapshot v1, https://vitest.dev/guide/snapshot.html

exports[`encodeVaultSwapData > rejects sanctioned addresses 1`] = `
[
  [
    "0xe983fD1798689eee00c0Fb77e79B8f372DF41060",
    undefined,
    "0xa56A6be23b6Cf39D9448FF6e897C29c41c8fbDFF",
  ],
  [
    "0xe983fD1798689eee00c0Fb77e79B8f372DF41060",
    "bc1qqwykx04uenc842d3sf50cjtehtj9tenugk808w",
    "bc1qv6nkwfd0l7gjucvccgd4k4qcea488cfkg7zjcp",
  ],
]
`;
