// Vitest Snapshot v1, https://vitest.dev/guide/snapshot.html

exports[`ccmFailed > creates a failed swap 1`] = `
{
  "ccmGasBudget": "10000000000",
  "ccmMessage": "0x776173737570",
  "depositAmount": "1000000",
  "depositTransactionRef": "0x704598f6707380f5a30059e56b0613140776173724fb54cdc6cafae5d1fe52a7",
  "destAddress": "0x61a0fcc7dd5e86b168216854c09f075994c53e8c",
  "destChain": "Arbitrum",
  "failedAt": 2024-07-24T10:18:30.000Z,
  "failedBlockIndex": "1895970-769",
  "id": Any<Number>,
  "reason": "InsufficientDepositAmount",
  "refundBroadcastId": null,
  "srcAsset": "Usdc",
  "srcChain": "Ethereum",
  "swapDepositChannelId": null,
}
`;

exports[`ccmFailed > creates a failed swap 2`] = `
{
  "ccmGasBudget": "72057594113783296",
  "ccmMessage": "0xdeadc0de",
  "depositAmount": "30000000000000000",
  "depositTransactionRef": null,
  "destAddress": "0x5df6ac4b4e84d9af2867d994f54096982927f67a",
  "destChain": "Arbitrum",
  "failedAt": 2024-07-30T08:57:30.000Z,
  "failedBlockIndex": "1980316-838",
  "id": Any<Number>,
  "reason": "InsufficientDepositAmount",
  "refundBroadcastId": null,
  "srcAsset": "Eth",
  "srcChain": "Ethereum",
  "swapDepositChannelId": Any<BigInt>,
}
`;
