// Jest Snapshot v1, https://goo.gl/fbAQLP

exports[`ccm swap flow handles all the deposit channel events 1`] = `
{
  "brokerCommissionBps": 100,
  "ccmGasBudget": "360801",
  "ccmMessage": "0x0000000000000000000000000000000000000000000000000000000000000040000000000000000000000000000000000000000000000000000000000003f7a000000000000000000000000000000000000000000000000000000000000000074761735465737400000000000000000000000000000000000000000000000000",
  "channelId": 2n,
  "chunkIntervalBlocks": null,
  "createdAt": Any<Date>,
  "depositAddress": "13ncjCBPL5daZDyC2BwKvRc63j6fNDaYCh4CD5mumGfLyatA",
  "destAddress": "0xa51c1fc2f0d1a1b8494ed1fe312d7c3a78ed91c0",
  "destAsset": "Flip",
  "estimatedExpiryAt": 1970-01-01T00:15:24.000Z,
  "expectedDepositAmount": null,
  "expiryBlock": null,
  "fokMinPriceX128": null,
  "fokRefundAddress": null,
  "fokRetryDurationBlocks": null,
  "id": Any<BigInt>,
  "isExpired": false,
  "issuedBlock": 52,
  "maxBoostFeeBps": 0,
  "numberOfChunks": 1,
  "openedThroughBackend": false,
  "openingFeePaid": "0",
  "srcAsset": "Dot",
  "srcChain": "Polkadot",
  "srcChainExpiryBlock": 157n,
  "swapRequests": [
    {
      "ccmDepositReceivedBlockIndex": "57-12",
      "ccmGasBudget": "360801",
      "ccmMessage": "0x0000000000000000000000000000000000000000000000000000000000000040000000000000000000000000000000000000000000000000000000000003f7a000000000000000000000000000000000000000000000000000000000000000074761735465737400000000000000000000000000000000000000000000000000",
      "completedAt": 1970-01-01T00:06:06.000Z,
      "completedBlockIndex": "61-25",
      "depositAmount": "500000000000",
      "depositBoostedAt": null,
      "depositBoostedBlockIndex": null,
      "depositReceivedAt": 1970-01-01T00:05:42.000Z,
      "depositReceivedBlockIndex": "57-12",
      "depositTransactionRef": "57-2",
      "destAddress": "0xa51c1fc2f0d1a1b8494ed1fe312d7c3a78ed91c0",
      "destAsset": "Flip",
      "effectiveBoostFeeBps": null,
      "egress": {
        "amount": "48628752989585358147",
        "broadcast": {
          "abortedAt": null,
          "abortedBlockIndex": null,
          "chain": "Ethereum",
          "createdAt": Any<Date>,
          "id": Any<BigInt>,
          "nativeId": 20n,
          "replacedById": null,
          "requestedAt": 1970-01-01T00:06:06.000Z,
          "requestedBlockIndex": "61-48",
          "succeededAt": 1970-01-01T00:09:54.000Z,
          "succeededBlockIndex": "99-16",
          "transactionRef": "0x9220d619fd86e2a02d94af8c7a40333b31fdc7fe603b2ae527455a7ab1cd3364",
          "type": "CCM",
          "updatedAt": Any<Date>,
        },
        "broadcastId": Any<BigInt>,
        "chain": "Ethereum",
        "createdAt": Any<Date>,
        "id": Any<BigInt>,
        "nativeId": 17n,
        "scheduledAt": 1970-01-01T00:06:06.000Z,
        "scheduledBlockIndex": "61-24",
        "updatedAt": Any<Date>,
      },
      "egressId": Any<BigInt>,
      "fees": [
        {
          "amount": "197300000",
          "asset": "Dot",
          "type": "INGRESS",
        },
        {
          "amount": "374529689743",
          "asset": "Flip",
          "type": "EGRESS",
        },
      ],
      "id": Any<BigInt>,
      "nativeId": 28n,
      "originType": "DEPOSIT_CHANNEL",
      "prewitnessedDepositId": null,
      "refundEgressId": null,
      "requestType": "CCM",
      "srcAddress": null,
      "srcAsset": "Dot",
      "swapDepositChannelId": Any<BigInt>,
      "swapInputAmount": "499802700000",
      "swapRequestedAt": 1970-01-01T00:05:42.000Z,
      "swaps": [
        {
          "createdAt": Any<Date>,
          "destAsset": "Flip",
          "fees": [
            {
              "amount": "497876",
              "asset": "Usdc",
              "type": "NETWORK",
            },
            {
              "amount": "9996046",
              "asset": "Dot",
              "type": "LIQUIDITY",
            },
            {
              "amount": "9848",
              "asset": "Usdc",
              "type": "LIQUIDITY",
            },
            {
              "amount": "4973783",
              "asset": "Dot",
              "type": "BROKER",
            },
          ],
          "id": Any<BigInt>,
          "intermediateAmount": "492404494",
          "latestSwapRescheduledAt": null,
          "latestSwapRescheduledBlockIndex": null,
          "nativeId": 28n,
          "retryCount": 0,
          "srcAsset": "Dot",
          "swapExecutedAt": 1970-01-01T00:05:54.000Z,
          "swapExecutedBlockIndex": "59-36",
          "swapInputAmount": "499802339199",
          "swapOutputAmount": "48628752989585358147",
          "swapRequestId": Any<BigInt>,
          "swapScheduledAt": 1970-01-01T00:05:42.000Z,
          "swapScheduledBlockIndex": "57-11",
          "type": "PRINCIPAL",
          "updatedAt": Any<Date>,
        },
        {
          "createdAt": Any<Date>,
          "destAsset": "Flip",
          "fees": [
            {
              "amount": "0",
              "asset": "Usdc",
              "type": "NETWORK",
            },
            {
              "amount": "7",
              "asset": "Dot",
              "type": "LIQUIDITY",
            },
            {
              "amount": "0",
              "asset": "Usdc",
              "type": "LIQUIDITY",
            },
          ],
          "id": Any<BigInt>,
          "intermediateAmount": "357",
          "latestSwapRescheduledAt": null,
          "latestSwapRescheduledBlockIndex": null,
          "nativeId": 82n,
          "retryCount": 0,
          "srcAsset": "Dot",
          "swapExecutedAt": 1970-01-01T00:06:06.000Z,
          "swapExecutedBlockIndex": "61-23",
          "swapInputAmount": "360801",
          "swapOutputAmount": "374529689743",
          "swapRequestId": Any<BigInt>,
          "swapScheduledAt": 1970-01-01T00:05:54.000Z,
          "swapScheduledBlockIndex": "59-37",
          "type": "GAS",
          "updatedAt": Any<Date>,
        },
      ],
    },
  ],
}
`;

exports[`ccm swap flow handles all the vault events 1`] = `
{
  "ccmDepositReceivedBlockIndex": "2504899-772",
  "ccmGasBudget": "0",
  "ccmMessage": "0x000000000000000000000000000000000000000000000000000000000000004000000000000000000000000067ff09c184d8e9e7b90c5187ed04cbfbdba741c8000000000000000000000000000000000000000000000000000000000000000c6461676f61746973686572650000000000000000000000000000000000000000",
  "completedAt": 1970-06-23T22:50:06.000Z,
  "completedBlockIndex": "2504901-939",
  "depositAmount": "1",
  "depositBoostedAt": null,
  "depositBoostedBlockIndex": null,
  "depositReceivedAt": 1970-06-23T22:49:54.000Z,
  "depositReceivedBlockIndex": "2504899-772",
  "depositTransactionRef": "0x0ea0bc075d5d972ba6469bc651d2966b312085b8f7a4c55e340986c43e73abc7",
  "destAddress": "0x28ac2744fff7e772e6450a34d68d661a7b35c660",
  "destAsset": "Usdc",
  "effectiveBoostFeeBps": null,
  "egress": {
    "amount": "0",
    "broadcast": {
      "abortedAt": null,
      "abortedBlockIndex": null,
      "chain": "Ethereum",
      "createdAt": Any<Date>,
      "id": Any<BigInt>,
      "nativeId": 1929n,
      "replacedById": null,
      "requestedAt": 1970-06-23T22:50:06.000Z,
      "requestedBlockIndex": "2504901-941",
      "succeededAt": 1970-06-23T22:51:00.000Z,
      "succeededBlockIndex": "2504910-16",
      "transactionRef": "0x9220d619fd86e2a02d94af8c7a40333b31fdc7fe603b2ae527455a7ab1cd3364",
      "type": "CCM",
      "updatedAt": Any<Date>,
    },
    "broadcastId": Any<BigInt>,
    "chain": "Ethereum",
    "createdAt": Any<Date>,
    "id": Any<BigInt>,
    "nativeId": 1243n,
    "scheduledAt": 1970-06-23T22:50:06.000Z,
    "scheduledBlockIndex": "2504901-938",
    "updatedAt": Any<Date>,
  },
  "egressId": Any<BigInt>,
  "fees": [
    {
      "amount": "0",
      "asset": "Usdc",
      "type": "EGRESS",
    },
  ],
  "id": Any<BigInt>,
  "nativeId": 2448n,
  "originType": "VAULT",
  "prewitnessedDepositId": null,
  "refundEgressId": null,
  "requestType": "CCM",
  "srcAddress": "0xa56a6be23b6cf39d9448ff6e897c29c41c8fbdff",
  "srcAsset": "Eth",
  "swapDepositChannelId": null,
  "swapInputAmount": "1",
  "swapRequestedAt": 1970-06-23T22:49:54.000Z,
  "swaps": [
    {
      "createdAt": Any<Date>,
      "destAsset": "Usdc",
      "fees": [
        {
          "amount": "0",
          "asset": "Usdc",
          "type": "NETWORK",
        },
        {
          "amount": "0",
          "asset": "Eth",
          "type": "LIQUIDITY",
        },
      ],
      "id": Any<BigInt>,
      "intermediateAmount": null,
      "latestSwapRescheduledAt": null,
      "latestSwapRescheduledBlockIndex": null,
      "nativeId": 2401n,
      "retryCount": 0,
      "srcAsset": "Eth",
      "swapExecutedAt": 1970-06-23T22:50:06.000Z,
      "swapExecutedBlockIndex": "2504901-937",
      "swapInputAmount": "1",
      "swapOutputAmount": "0",
      "swapRequestId": Any<BigInt>,
      "swapScheduledAt": 1970-06-23T22:49:54.000Z,
      "swapScheduledBlockIndex": "2504899-773",
      "type": "PRINCIPAL",
      "updatedAt": Any<Date>,
    },
  ],
}
`;
