// Jest Snapshot v1, https://goo.gl/fbAQLP

exports[`networkTaintedTransactionRejected adds a broadcast to a failed swap 1`] = `
[
  {
    "ccmGasBudget": null,
    "ccmMessage": null,
    "depositAmount": "1000000",
    "depositTransactionRef": "9dccc57dc24a62635e946b06629a01646741e728edeacfed0e30d9638e82b378",
    "destAddress": "0xa56A6be23b6Cf39D9448FF6e897C29c41c8fbDFF",
    "destChain": "Ethereum",
    "failedAt": 2023-04-01T08:18:19.000Z,
    "failedBlockIndex": "419-1",
    "reason": "TransactionTainted",
    "refundBroadcastId": 1n,
    "srcAsset": "Btc",
    "srcChain": "Bitcoin",
    "swapDepositChannelId": null,
  },
]
`;

exports[`networkTaintedTransactionRejected adds a broadcast to a failed swap 2`] = `
{
  "abortedAt": null,
  "abortedBlockIndex": null,
  "chain": "Bitcoin",
  "nativeId": 1226n,
  "replacedById": null,
  "requestedAt": 2023-04-01T08:18:25.000Z,
  "requestedBlockIndex": "420-1",
  "succeededAt": null,
  "succeededBlockIndex": null,
  "transactionRef": null,
  "type": "BATCH",
}
`;
