// Jest Snapshot v1, https://goo.gl/fbAQLP

exports[`newPoolCreated creates a pool with the correct data 1`] = `
{
  "baseAsset": "USDC",
  "id": Any<Number>,
  "liquidityFeeHundredthPips": 1000,
  "pairAsset": "BTC",
}
`;
