// Jest Snapshot v1, https://goo.gl/fbAQLP

exports[`refundEgressIgnored handles refundEgressIgnored event 1`] = `
{
  "ccmDepositReceivedBlockIndex": null,
  "ccmGasBudget": null,
  "ccmMessage": null,
  "chunkIntervalBlocks": null,
  "completedAt": null,
  "completedBlockIndex": null,
  "depositAmount": "10000000000",
  "depositBoostedAt": null,
  "depositBoostedBlockIndex": null,
  "depositFinalisedAt": 2022-12-06T14:31:33.000Z,
  "depositFinalisedBlockIndex": "20-0",
  "depositTransactionRef": null,
  "destAddress": "1yMmfLti1k3huRQM2c47WugwonQMqTvQ2GUFxnU7Pcs7xPo",
  "destAsset": "Dot",
  "effectiveBoostFeeBps": null,
  "egressId": null,
  "id": Any<BigInt>,
  "ignoredEgresses": [
    {
      "amount": "22000",
      "createdAt": Any<Date>,
      "id": Any<BigInt>,
      "ignoredAt": 2022-12-06T14:31:45.000Z,
      "ignoredBlockIndex": "120-0",
      "stateChainErrorId": Any<Number>,
      "swapRequestId": Any<BigInt>,
      "type": "REFUND",
    },
  ],
  "nativeId": 377n,
  "numberOfChunks": null,
  "originType": "DEPOSIT_CHANNEL",
  "prewitnessedDepositId": null,
  "refundEgressId": null,
  "requestType": "LEGACY_SWAP",
  "srcAddress": null,
  "srcAsset": "Eth",
  "swapDepositChannelId": null,
  "swapInputAmount": "10000000000",
  "swapRequestedAt": 2022-12-06T14:31:33.000Z,
  "swapRequestedBlockIndex": "92-398",
}
`;
