// Jest Snapshot v1, https://goo.gl/fbAQLP

exports[`swapEgressIgnored adds an IgnoredEgress record for a egress ignored event 1`] = `
{
  "ccmDepositReceivedBlockIndex": null,
  "ccmGasBudget": null,
  "ccmMessage": null,
  "createdAt": Any<Date>,
  "depositAmount": "10000000000",
  "depositReceivedAt": 2022-12-06T14:31:33.000Z,
  "depositReceivedBlockIndex": "20-0",
  "destAddress": "1yMmfLti1k3huRQM2c47WugwonQMqTvQ2GUFxnU7Pcs7xPo",
  "destAsset": "DOT",
  "egressId": null,
  "id": Any<BigInt>,
  "ignoredEgress": {
    "amount": "11",
    "createdAt": Any<Date>,
    "id": Any<BigInt>,
    "ignoredAt": 2022-12-06T14:31:45.000Z,
    "ignoredBlockIndex": "120-0",
    "stateChainErrorId": Any<Number>,
    "swapId": Any<BigInt>,
  },
  "intermediateAmount": null,
  "nativeId": 2n,
  "srcAsset": "ETH",
  "swapDepositChannelId": Any<BigInt>,
  "swapExecutedAt": 2022-12-06T14:31:39.000Z,
  "swapExecutedBlockIndex": "120-0",
  "swapInputAmount": "10000000000",
  "swapOutputAmount": "10000000000",
  "txHash": null,
  "type": "SWAP",
  "updatedAt": Any<Date>,
}
`;

exports[`swapEgressIgnored adds an IgnoredEgress record for a egress ignored event 2`] = `
{
  "docs": "The amount is below the minimum egress amount.",
  "errorIndex": 6,
  "id": Any<Number>,
  "name": "bitcoinIngressEgress.BelowEgressDustLimit",
  "palletIndex": 34,
  "specVersion": 1,
}
`;
